[audit-20260906-structural] --- profile: local ---
[audit-20260906-structural/local] indexing 4 documents...
[audit-20260906-structural/local] querying 3 queries...
[onnx] loading tokenizer...
[onnx] cached: tokenizer.json (17 MB)
[onnx] cached: tokenizer_config.json (0 MB)
[onnx] cached: model.onnx (0 MB)
[onnx] cached: model.onnx.data (2271 MB)
[onnx] creating inference session (providers: cpu)...
[onnx] ready. outputs: dense_vecs,sparse_vecs,colbert_vecs
[audit-20260906-structural] --- profile: cloud ---
[audit-20260906-structural/cloud] indexing 4 documents...
[audit-20260906-structural/cloud] querying 3 queries...
structural: COMPLETE
[fetch-scifact] found cached zip, verifying MD5...
[fetch-scifact] cached zip MD5 OK, skipping download
[fetch-scifact] dataset directory already extracted, skipping
[fetch-scifact] validated: 5183 corpus docs, 300 test queries, 0 dangling qrels refs
[audit-20260906-scifact-pilot] --- profile: local ---
[audit-20260906-scifact-pilot/local] indexing 150 documents...
[audit-20260906-scifact-pilot/local] querying 25 queries...
[audit-20260906-scifact-pilot] --- profile: cloud ---
[audit-20260906-scifact-pilot/cloud] indexing 150 documents...
[audit-20260906-scifact-pilot/cloud] querying 25 queries...
scifact-pilot: COMPLETE
